main.c:74:6:Print_HELLO	40	static
main.c:83:6:Print_TimeOut	56	static
main.c:89:6:Print_TimeP	56	static
main.c:95:6:Print_Mode	56	static
main.c:101:6:Print_Time	56	static
main.c:107:6:Print_Time1	56	static
main.c:113:6:Print_Time2	56	static
main.c:120:6:Print_ERROR	40	static
main.c:162:5:main	8	static
main.c:254:6:SystemClock_Config	72	static
main.c:290:13:MX_TIM2_Init	32	static
main.c:335:13:MX_TIM3_Init	64	static
main.c:394:13:MX_USART2_UART_Init	8	static
main.c:427:13:MX_GPIO_Init	32	static
main.c:490:6:HAL_TIM_PeriodElapsedCallback	16	static
main.c:502:6:Error_Handler	4	static,ignoring_inline_asm
