main.c:73:6:Print_HELLO	40	static
main.c:78:6:Toggle_led	8	static
main.c:82:6:Print_TimeOut	56	static
main.c:88:6:Print_TimeP	56	static
main.c:94:6:Print_Mode	56	static
main.c:100:6:Print_Time	56	static
main.c:106:6:Print_Time1	56	static
main.c:112:6:Print_Time2	56	static
main.c:150:5:main	8	static
main.c:237:6:SystemClock_Config	72	static
main.c:273:13:MX_TIM2_Init	32	static
main.c:318:13:MX_USART2_UART_Init	8	static
main.c:351:13:MX_GPIO_Init	32	static
main.c:400:6:HAL_TIM_PeriodElapsedCallback	16	static
main.c:412:6:Error_Handler	4	static,ignoring_inline_asm
