main.c:69:6:Print_HELLO	40	static
main.c:74:6:Print_TimeOut	56	static
main.c:80:6:Print_TimeP	56	static
main.c:86:6:Print_Mode	56	static
main.c:92:6:Print_Time	56	static
main.c:98:6:Print_Time1	56	static
main.c:104:6:Print_Time2	56	static
main.c:111:6:off_Speaker	4	static
main.c:115:6:toogle_Speaker	4	static
main.c:125:6:Print_ERROR	40	static
main.c:154:5:main	8	static
main.c:225:6:SystemClock_Config	72	static
main.c:261:13:MX_TIM2_Init	32	static
main.c:306:13:MX_TIM3_Init	64	static
main.c:365:13:MX_USART2_UART_Init	8	static
main.c:398:13:MX_GPIO_Init	40	static
main.c:458:6:HAL_TIM_PeriodElapsedCallback	16	static
main.c:469:6:Error_Handler	4	static,ignoring_inline_asm
