16:54:41 **** Incremental Build of configuration Debug for project ASSIGNMENT ****
make -j8 all 
arm-none-eabi-gcc "../Core/Src/main.c" -mcpu=cortex-m3 -std=gnu11 -g3 -DDEBUG -DUSE_HAL_DRIVER -DSTM32F103xB -c -I../Core/Inc -I../Drivers/STM32F1xx_HAL_Driver/Inc -I../Drivers/STM32F1xx_HAL_Driver/Inc/Legacy -I../Drivers/CMSIS/Device/ST/STM32F1xx/Include -I../Drivers/CMSIS/Include -O0 -ffunction-sections -fdata-sections -Wall -fstack-usage -MMD -MP -MF"Core/Src/main.d" -MT"Core/Src/main.o" --specs=nano.specs -mfloat-abi=soft -mthumb -o "Core/Src/main.o"
arm-none-eabi-gcc -o "ASSIGNMENT.elf" @"objects.list"   -mcpu=cortex-m3 -T"C:\Users\taitr\OneDrive\Documents\MCU\VXL_ASSIGNMENT\ASSIGNMENT\STM32F103RBTX_FLASH.ld" --specs=nosys.specs -Wl,-Map="ASSIGNMENT.map" -Wl,--gc-sections -static --specs=nano.specs -mfloat-abi=soft -mthumb -Wl,--start-group -lc -lm -Wl,--end-group
d:\stm32cubeide_1.7.0\stm32cubeide\plugins\com.st.stm32cube.ide.mcu.externaltools.gnu-tools-for-stm32.9-2020-q2-update.win32_2.0.0.202105311346\tools\arm-none-eabi\bin\ld.exe: warning: cannot find entry symbol Reset_Handler; defaulting to 0000000008000000
Finished building target: ASSIGNMENT.elf
 
arm-none-eabi-size   ASSIGNMENT.elf 
arm-none-eabi-objdump -h -S  ASSIGNMENT.elf  > "ASSIGNMENT.list"
arm-none-eabi-objcopy  -O ihex  ASSIGNMENT.elf  "ASSIGNMENT.hex"
   text	   data	    bss	    dec	    hex	filename
     88	      8	   1568	   1664	    680	ASSIGNMENT.elf
arm-none-eabi-objcopy  -O binary  ASSIGNMENT.elf  "ASSIGNMENT.bin"
Finished building: default.size.stdout
 
Finished building: ASSIGNMENT.list
Finished building: ASSIGNMENT.hex
Finished building: ASSIGNMENT.bin
 
 
 

16:54:43 Build Finished. 0 errors, 1 warnings. (took 1s.249ms)

