10:34:33 **** Incremental Build of configuration Debug for project ASSIGNMENT_FINAL ****
make -j8 all 
arm-none-eabi-gcc "../Core/Src/main.c" -mcpu=cortex-m3 -std=gnu11 -g3 -DDEBUG -DUSE_HAL_DRIVER -DSTM32F103xB -c -I../Core/Inc -I../Drivers/STM32F1xx_HAL_Driver/Inc -I../Drivers/STM32F1xx_HAL_Driver/Inc/Legacy -I../Drivers/CMSIS/Device/ST/STM32F1xx/Include -I../Drivers/CMSIS/Include -O0 -ffunction-sections -fdata-sections -Wall -fstack-usage -MMD -MP -MF"Core/Src/main.d" -MT"Core/Src/main.o" --specs=nano.specs -mfloat-abi=soft -mthumb -o "Core/Src/main.o"
arm-none-eabi-gcc -o "ASSIGNMENT_FINAL.elf" @"objects.list"   -mcpu=cortex-m3 -T"C:\Users\taitr\OneDrive\Documents\MCU\VXL_ASSIGNMENT\ASSIGNMENT_FINAL\STM32F103RBTX_FLASH.ld" --specs=nosys.specs -Wl,-Map="ASSIGNMENT_FINAL.map" -Wl,--gc-sections -static --specs=nano.specs -mfloat-abi=soft -mthumb -Wl,--start-group -lc -lm -Wl,--end-group
Finished building target: ASSIGNMENT_FINAL.elf
 
arm-none-eabi-size   ASSIGNMENT_FINAL.elf 
arm-none-eabi-objdump -h -S  ASSIGNMENT_FINAL.elf  > "ASSIGNMENT_FINAL.list"
arm-none-eabi-objcopy  -O ihex  ASSIGNMENT_FINAL.elf  "ASSIGNMENT_FINAL.hex"
arm-none-eabi-objcopy  -O binary  ASSIGNMENT_FINAL.elf  "ASSIGNMENT_FINAL.bin"
   text	   data	    bss	    dec	    hex	filename
  17800	    152	   2720	  20672	   50c0	ASSIGNMENT_FINAL.elf
Finished building: default.size.stdout
 
Finished building: ASSIGNMENT_FINAL.bin
Finished building: ASSIGNMENT_FINAL.hex
 
 
Finished building: ASSIGNMENT_FINAL.list
 
10:35:02 **** Incremental Build of configuration Debug for project ASSIGNMENT_FINAL ****
make -j8 all 
arm-none-eabi-size   ASSIGNMENT_FINAL.elf 
   text	   data	    bss	    dec	    hex	filename
  17800	    152	   2720	  20672	   50c0	ASSIGNMENT_FINAL.elf
Finished building: default.size.stdout
 
10:36:48 **** Incremental Build of configuration Debug for project ASSIGNMENT_FINAL ****
make -j8 all 
arm-none-eabi-gcc "../Core/Src/fsm.c" -mcpu=cortex-m3 -std=gnu11 -g3 -DDEBUG -DUSE_HAL_DRIVER -DSTM32F103xB -c -I../Core/Inc -I../Drivers/STM32F1xx_HAL_Driver/Inc -I../Drivers/STM32F1xx_HAL_Driver/Inc/Legacy -I../Drivers/CMSIS/Device/ST/STM32F1xx/Include -I../Drivers/CMSIS/Include -O0 -ffunction-sections -fdata-sections -Wall -fstack-usage -MMD -MP -MF"Core/Src/fsm.d" -MT"Core/Src/fsm.o" --specs=nano.specs -mfloat-abi=soft -mthumb -o "Core/Src/fsm.o"
arm-none-eabi-gcc "../Core/Src/main.c" -mcpu=cortex-m3 -std=gnu11 -g3 -DDEBUG -DUSE_HAL_DRIVER -DSTM32F103xB -c -I../Core/Inc -I../Drivers/STM32F1xx_HAL_Driver/Inc -I../Drivers/STM32F1xx_HAL_Driver/Inc/Legacy -I../Drivers/CMSIS/Device/ST/STM32F1xx/Include -I../Drivers/CMSIS/Include -O0 -ffunction-sections -fdata-sections -Wall -fstack-usage -MMD -MP -MF"Core/Src/main.d" -MT"Core/Src/main.o" --specs=nano.specs -mfloat-abi=soft -mthumb -o "Core/Src/main.o"
../Core/Src/fsm.c: In function 'fsm_p':
../Core/Src/fsm.c:136:4: warning: implicit declaration of function 'off_Speaker' [-Wimplicit-function-declaration]
  136 |    off_Speaker();
      |    ^~~~~~~~~~~
../Core/Src/fsm.c:170:5: warning: implicit declaration of function 'toogle_Speaker' [-Wimplicit-function-declaration]
  170 |     toogle_Speaker();
      |     ^~~~~~~~~~~~~~
../Core/Src/fsm.c: In function 'fsm_automatic_run3':
../Core/Src/fsm.c:187:5: warning: implicit declaration of function 'Print_Time1' [-Wimplicit-function-declaration]
  187 |     Print_Time1(timer);
      |     ^~~~~~~~~~~
../Core/Src/fsm.c:188:5: warning: implicit declaration of function 'Print_Time2' [-Wimplicit-function-declaration]
  188 |     Print_Time2(timer2);
      |     ^~~~~~~~~~~
../Core/Src/fsm.c:192:6: warning: implicit declaration of function 'Print_Mode' [-Wimplicit-function-declaration]
  192 |      Print_Mode(status4);
      |      ^~~~~~~~~~
../Core/Src/fsm.c:193:6: warning: implicit declaration of function 'Print_TimeOut' [-Wimplicit-function-declaration]
  193 |      Print_TimeOut(timer3);
      |      ^~~~~~~~~~~~~
../Core/Src/fsm.c:214:5: warning: implicit declaration of function 'Print_HELLO' [-Wimplicit-function-declaration]
  214 |     Print_HELLO();
      |     ^~~~~~~~~~~
../Core/Src/fsm.c:267:4: warning: implicit declaration of function 'Print_ERROR' [-Wimplicit-function-declaration]
  267 |    Print_ERROR();
      |    ^~~~~~~~~~~
../Core/Src/fsm.c:284:5: warning: implicit declaration of function 'Print_Time' [-Wimplicit-function-declaration]
  284 |     Print_Time(timer2);
      |     ^~~~~~~~~~
arm-none-eabi-gcc -o "ASSIGNMENT_FINAL.elf" @"objects.list"   -mcpu=cortex-m3 -T"C:\Users\taitr\OneDrive\Documents\MCU\VXL_ASSIGNMENT\ASSIGNMENT_FINAL\STM32F103RBTX_FLASH.ld" --specs=nosys.specs -Wl,-Map="ASSIGNMENT_FINAL.map" -Wl,--gc-sections -static --specs=nano.specs -mfloat-abi=soft -mthumb -Wl,--start-group -lc -lm -Wl,--end-group
Finished building target: ASSIGNMENT_FINAL.elf
 
arm-none-eabi-size   ASSIGNMENT_FINAL.elf 
arm-none-eabi-objdump -h -S  ASSIGNMENT_FINAL.elf  > "ASSIGNMENT_FINAL.list"
arm-none-eabi-objcopy  -O ihex  ASSIGNMENT_FINAL.elf  "ASSIGNMENT_FINAL.hex"
   text	   data	    bss	    dec	    hex	filename
  17800	    152	   2720	  20672	   50c0	ASSIGNMENT_FINAL.elf
arm-none-eabi-objcopy  -O binary  ASSIGNMENT_FINAL.elf  "ASSIGNMENT_FINAL.bin"
Finished building: default.size.stdout
 
Finished building: ASSIGNMENT_FINAL.hex
Finished building: ASSIGNMENT_FINAL.bin
 
 
Finished building: ASSIGNMENT_FINAL.list
 
10:37:30 **** Incremental Build of configuration Debug for project ASSIGNMENT_FINAL ****
make -j8 all 
arm-none-eabi-gcc "../Core/Src/fsm.c" -mcpu=cortex-m3 -std=gnu11 -g3 -DDEBUG -DUSE_HAL_DRIVER -DSTM32F103xB -c -I../Core/Inc -I../Drivers/STM32F1xx_HAL_Driver/Inc -I../Drivers/STM32F1xx_HAL_Driver/Inc/Legacy -I../Drivers/CMSIS/Device/ST/STM32F1xx/Include -I../Drivers/CMSIS/Include -O0 -ffunction-sections -fdata-sections -Wall -fstack-usage -MMD -MP -MF"Core/Src/fsm.d" -MT"Core/Src/fsm.o" --specs=nano.specs -mfloat-abi=soft -mthumb -o "Core/Src/fsm.o"
arm-none-eabi-gcc "../Core/Src/main.c" -mcpu=cortex-m3 -std=gnu11 -g3 -DDEBUG -DUSE_HAL_DRIVER -DSTM32F103xB -c -I../Core/Inc -I../Drivers/STM32F1xx_HAL_Driver/Inc -I../Drivers/STM32F1xx_HAL_Driver/Inc/Legacy -I../Drivers/CMSIS/Device/ST/STM32F1xx/Include -I../Drivers/CMSIS/Include -O0 -ffunction-sections -fdata-sections -Wall -fstack-usage -MMD -MP -MF"Core/Src/main.d" -MT"Core/Src/main.o" --specs=nano.specs -mfloat-abi=soft -mthumb -o "Core/Src/main.o"
../Core/Src/fsm.c: In function 'fsm_p':
../Core/Src/fsm.c:136:4: warning: implicit declaration of function 'off_Speaker' [-Wimplicit-function-declaration]
  136 |    off_Speaker();
      |    ^~~~~~~~~~~
../Core/Src/fsm.c:170:5: warning: implicit declaration of function 'toogle_Speaker' [-Wimplicit-function-declaration]
  170 |     toogle_Speaker();
      |     ^~~~~~~~~~~~~~
../Core/Src/fsm.c: In function 'fsm_automatic_run3':
../Core/Src/fsm.c:187:5: warning: implicit declaration of function 'Print_Time1' [-Wimplicit-function-declaration]
  187 |     Print_Time1(timer);
      |     ^~~~~~~~~~~
../Core/Src/fsm.c:188:5: warning: implicit declaration of function 'Print_Time2' [-Wimplicit-function-declaration]
  188 |     Print_Time2(timer2);
      |     ^~~~~~~~~~~
../Core/Src/fsm.c:192:6: warning: implicit declaration of function 'Print_Mode' [-Wimplicit-function-declaration]
  192 |      Print_Mode(status4);
      |      ^~~~~~~~~~
../Core/Src/fsm.c:193:6: warning: implicit declaration of function 'Print_TimeOut' [-Wimplicit-function-declaration]
  193 |      Print_TimeOut(timer3);
      |      ^~~~~~~~~~~~~
../Core/Src/fsm.c:214:5: warning: implicit declaration of function 'Print_HELLO' [-Wimplicit-function-declaration]
  214 |     Print_HELLO();
      |     ^~~~~~~~~~~
../Core/Src/fsm.c:267:4: warning: implicit declaration of function 'Print_ERROR' [-Wimplicit-function-declaration]
  267 |    Print_ERROR();
      |    ^~~~~~~~~~~
../Core/Src/fsm.c:284:5: warning: implicit declaration of function 'Print_Time' [-Wimplicit-function-declaration]
  284 |     Print_Time(timer2);
      |     ^~~~~~~~~~
arm-none-eabi-gcc -o "ASSIGNMENT_FINAL.elf" @"objects.list"   -mcpu=cortex-m3 -T"C:\Users\taitr\OneDrive\Documents\MCU\VXL_ASSIGNMENT\ASSIGNMENT_FINAL\STM32F103RBTX_FLASH.ld" --specs=nosys.specs -Wl,-Map="ASSIGNMENT_FINAL.map" -Wl,--gc-sections -static --specs=nano.specs -mfloat-abi=soft -mthumb -Wl,--start-group -lc -lm -Wl,--end-group
Finished building target: ASSIGNMENT_FINAL.elf
 
arm-none-eabi-size   ASSIGNMENT_FINAL.elf 
arm-none-eabi-objdump -h -S  ASSIGNMENT_FINAL.elf  > "ASSIGNMENT_FINAL.list"
arm-none-eabi-objcopy  -O ihex  ASSIGNMENT_FINAL.elf  "ASSIGNMENT_FINAL.hex"
   text	   data	    bss	    dec	    hex	filename
  17796	    152	   2720	  20668	   50bc	ASSIGNMENT_FINAL.elf
arm-none-eabi-objcopy  -O binary  ASSIGNMENT_FINAL.elf  "ASSIGNMENT_FINAL.bin"
Finished building: default.size.stdout
 
Finished building: ASSIGNMENT_FINAL.hex
Finished building: ASSIGNMENT_FINAL.bin
 
 
Finished building: ASSIGNMENT_FINAL.list
 
10:38:21 **** Incremental Build of configuration Debug for project ASSIGNMENT_FINAL ****
make -j8 all 
arm-none-eabi-gcc "../Core/Src/main.c" -mcpu=cortex-m3 -std=gnu11 -g3 -DDEBUG -DUSE_HAL_DRIVER -DSTM32F103xB -c -I../Core/Inc -I../Drivers/STM32F1xx_HAL_Driver/Inc -I../Drivers/STM32F1xx_HAL_Driver/Inc/Legacy -I../Drivers/CMSIS/Device/ST/STM32F1xx/Include -I../Drivers/CMSIS/Include -O0 -ffunction-sections -fdata-sections -Wall -fstack-usage -MMD -MP -MF"Core/Src/main.d" -MT"Core/Src/main.o" --specs=nano.specs -mfloat-abi=soft -mthumb -o "Core/Src/main.o"
arm-none-eabi-gcc -o "ASSIGNMENT_FINAL.elf" @"objects.list"   -mcpu=cortex-m3 -T"C:\Users\taitr\OneDrive\Documents\MCU\VXL_ASSIGNMENT\ASSIGNMENT_FINAL\STM32F103RBTX_FLASH.ld" --specs=nosys.specs -Wl,-Map="ASSIGNMENT_FINAL.map" -Wl,--gc-sections -static --specs=nano.specs -mfloat-abi=soft -mthumb -Wl,--start-group -lc -lm -Wl,--end-group
Finished building target: ASSIGNMENT_FINAL.elf
 
arm-none-eabi-size   ASSIGNMENT_FINAL.elf 
arm-none-eabi-objdump -h -S  ASSIGNMENT_FINAL.elf  > "ASSIGNMENT_FINAL.list"
arm-none-eabi-objcopy  -O ihex  ASSIGNMENT_FINAL.elf  "ASSIGNMENT_FINAL.hex"
   text	   data	    bss	    dec	    hex	filename
  17796	    152	   2720	  20668	   50bc	ASSIGNMENT_FINAL.elf
arm-none-eabi-objcopy  -O binary  ASSIGNMENT_FINAL.elf  "ASSIGNMENT_FINAL.bin"
Finished building: default.size.stdout
 
Finished building: ASSIGNMENT_FINAL.bin
Finished building: ASSIGNMENT_FINAL.hex
 
 
Finished building: ASSIGNMENT_FINAL.list
 
